2026-09-26T17:39:51.170-03:00  INFO 28064 --- [fordcare-api] [main] f.FordcareApiApplicationTests            : Starting FordcareApiApplicationTests using Java 21.0.11 with PID 28064 (started by luano in C:\Users\luano\Downloads\fordcare-api)
2026-09-26T17:39:51.171-03:00  INFO 28064 --- [fordcare-api] [main] f.FordcareApiApplicationTests            : No active profile set, falling back to 1 default profile: "default"
2026-09-26T17:39:52.395-03:00  INFO 28064 --- [fordcare-api] [main] .s.d.r.c.RepositoryConfigurationDelegate : Bootstrapping Spring Data JPA repositories in DEFAULT mode.
2026-09-26T17:39:52.501-03:00  INFO 28064 --- [fordcare-api] [main] .s.d.r.c.RepositoryConfigurationDelegate : Finished Spring Data repository scanning in 91 ms. Found 8 JPA repository interfaces.
2026-09-26T17:39:53.192-03:00  INFO 28064 --- [fordcare-api] [main] com.zaxxer.hikari.HikariDataSource       : HikariPool-1 - Starting...
2026-09-26T17:39:53.471-03:00  INFO 28064 --- [fordcare-api] [main] com.zaxxer.hikari.pool.HikariPool        : HikariPool-1 - Added connection org.postgresql.jdbc.PgConnection@701c413
2026-09-26T17:39:53.475-03:00  INFO 28064 --- [fordcare-api] [main] com.zaxxer.hikari.HikariDataSource       : HikariPool-1 - Start completed.
2026-09-26T17:39:53.517-03:00  INFO 28064 --- [fordcare-api] [main] org.flywaydb.core.FlywayExecutor         : Database: jdbc:postgresql://localhost:5432/fordcare_db (PostgreSQL 18.3)
2026-09-26T17:39:53.536-03:00  WARN 28064 --- [fordcare-api] [main] o.f.c.internal.database.base.Database    : Flyway upgrade recommended: PostgreSQL 18.3 is newer than this version of Flyway and support has not been tested. The latest supported version of PostgreSQL is 17.
2026-09-26T17:39:53.593-03:00  INFO 28064 --- [fordcare-api] [main] o.f.core.internal.command.DbValidate     : Successfully validated 3 migrations (execution time 00:00.042s)
2026-09-26T17:39:53.646-03:00  INFO 28064 --- [fordcare-api] [main] o.f.core.internal.command.DbMigrate      : Current version of schema "public": 3
2026-09-26T17:39:53.650-03:00  INFO 28064 --- [fordcare-api] [main] o.f.core.internal.command.DbMigrate      : Schema "public" is up to date. No migration necessary.
2026-09-26T17:39:53.811-03:00  INFO 28064 --- [fordcare-api] [main] o.hibernate.jpa.internal.util.LogHelper  : HHH000204: Processing PersistenceUnitInfo [name: default]
2026-09-26T17:39:53.906-03:00  INFO 28064 --- [fordcare-api] [main] org.hibernate.Version                    : HHH000412: Hibernate ORM core version 6.6.49.Final
2026-09-26T17:39:53.955-03:00  INFO 28064 --- [fordcare-api] [main] o.h.c.internal.RegionFactoryInitiator    : HHH000026: Second-level cache disabled
2026-09-26T17:39:54.161-03:00  INFO 28064 --- [fordcare-api] [main] o.s.o.j.p.SpringPersistenceUnitInfo      : No LoadTimeWeaver setup: ignoring JPA class transformer
2026-09-26T17:39:54.277-03:00  INFO 28064 --- [fordcare-api] [main] org.hibernate.orm.connections.pooling    : HHH10001005: Database info:
	Database JDBC URL [Connecting through datasource 'HikariDataSource (HikariPool-1)']
	Database driver: undefined/unknown
	Database version: 18.3
	Autocommit mode: undefined/unknown
	Isolation level: undefined/unknown
	Minimum pool size: undefined/unknown
	Maximum pool size: undefined/unknown
2026-09-26T17:39:55.194-03:00  INFO 28064 --- [fordcare-api] [main] o.h.e.t.j.p.i.JtaPlatformInitiator       : HHH000489: No JTA platform available (set 'hibernate.transaction.jta.platform' to enable JTA platform integration)
2026-09-26T17:39:55.255-03:00  INFO 28064 --- [fordcare-api] [main] j.LocalContainerEntityManagerFactoryBean : Initialized JPA EntityManagerFactory for persistence unit 'default'
2026-09-26T17:39:55.802-03:00  WARN 28064 --- [fordcare-api] [main] JpaBaseConfiguration$JpaWebConfiguration : spring.jpa.open-in-view is enabled by default. Therefore, database queries may be performed during view rendering. Explicitly configure spring.jpa.open-in-view to disable this warning
2026-09-26T17:39:55.845-03:00  WARN 28064 --- [fordcare-api] [main] .s.s.UserDetailsServiceAutoConfiguration : 

Using generated security password: 6dc17be4-94e9-40cc-82a1-514089a12dfe

This generated password is for development use only. Your security configuration must be updated before running your application in production.

2026-09-26T17:39:56.324-03:00  INFO 28064 --- [fordcare-api] [main] o.s.b.a.e.web.EndpointLinksResolver      : Exposing 3 endpoints beneath base path '/actuator'
2026-09-26T17:39:56.887-03:00  INFO 28064 --- [fordcare-api] [main] f.FordcareApiApplicationTests            : Started FordcareApiApplicationTests in 6.096 seconds (process running for 9.548)
2026-09-26T17:39:56.981-03:00  WARN 28064 --- [fordcare-api] [main] o.s.core.events.SpringDocAppInitializer  : SpringDoc /v3/api-docs endpoint is enabled by default. To disable it in production, set the property 'springdoc.api-docs.enabled=false'
2026-09-26T17:39:56.983-03:00  WARN 28064 --- [fordcare-api] [main] o.s.core.events.SpringDocAppInitializer  : SpringDoc /swagger-ui.html endpoint is enabled by default. To disable it in production, set the property 'springdoc.swagger-ui.enabled=false'
2026-09-26T17:39:57.188-03:00  INFO 28064 --- [fordcare-api] [main] t.c.s.AnnotationConfigContextLoaderUtils : Could not detect default configuration classes for test class [fordcare_api.security.SecurityIntegrationTest]: SecurityIntegrationTest does not declare any static, non-private, non-final, nested classes annotated with @Configuration.
2026-09-26T17:39:57.226-03:00  INFO 28064 --- [fordcare-api] [main] .b.t.c.SpringBootTestContextBootstrapper : Found @SpringBootConfiguration fordcare_api.FordcareApiApplication for test class fordcare_api.security.SecurityIntegrationTest
2026-09-26T17:39:57.231-03:00  INFO 28064 --- [fordcare-api] [main] o.s.b.d.r.RestartApplicationListener     : Restart disabled due to context in which it is running
2026-09-26T17:39:57.259-03:00  INFO 28064 --- [fordcare-api] [main] f.security.SecurityIntegrationTest       : Starting SecurityIntegrationTest using Java 21.0.11 with PID 28064 (started by luano in C:\Users\luano\Downloads\fordcare-api)
2026-09-26T17:39:57.260-03:00  INFO 28064 --- [fordcare-api] [main] f.security.SecurityIntegrationTest       : No active profile set, falling back to 1 default profile: "default"
2026-09-26T17:39:57.635-03:00  WARN 28064 --- [fordcare-api] [main] .s.s.UserDetailsServiceAutoConfiguration : 

Using generated security password: d3b29656-0513-4dd4-ac88-6d29f0a36249

This generated password is for development use only. Your security configuration must be updated before running your application in production.

2026-09-26T17:39:57.735-03:00  INFO 28064 --- [fordcare-api] [main] o.s.b.t.m.w.SpringBootMockServletContext : Initializing Spring TestDispatcherServlet ''
2026-09-26T17:39:57.735-03:00  INFO 28064 --- [fordcare-api] [main] o.s.t.web.servlet.TestDispatcherServlet  : Initializing Servlet ''
2026-09-26T17:39:57.737-03:00  INFO 28064 --- [fordcare-api] [main] o.s.t.web.servlet.TestDispatcherServlet  : Completed initialization in 0 ms
2026-09-26T17:39:57.745-03:00  INFO 28064 --- [fordcare-api] [main] f.security.SecurityIntegrationTest       : Started SecurityIntegrationTest in 0.513 seconds (process running for 10.406)
2026-09-26T17:39:57.777-03:00  WARN 28064 --- [fordcare-api] [main] f.security.JwtAuthenticationFilter       : Tentativa de acesso sem token. endpoint=/leads
2026-09-26T17:39:57.945-03:00  INFO 28064 --- [fordcare-api] [SpringApplicationShutdownHook] j.LocalContainerEntityManagerFactoryBean : Closing JPA EntityManagerFactory for persistence unit 'default'
2026-09-26T17:39:57.956-03:00  INFO 28064 --- [fordcare-api] [SpringApplicationShutdownHook] com.zaxxer.hikari.HikariDataSource       : HikariPool-1 - Shutdown initiated...
2026-09-26T17:39:57.963-03:00  INFO 28064 --- [fordcare-api] [SpringApplicationShutdownHook] com.zaxxer.hikari.HikariDataSource       : HikariPool-1 - Shutdown completed.
2026-09-26T18:04:21.665-03:00  INFO 31176 --- [fordcare-api] [main] f.FordcareApiApplicationTests            : Starting FordcareApiApplicationTests using Java 21.0.11 with PID 31176 (started by luano in C:\Users\luano\Downloads\fordcare-api)
2026-09-26T18:04:21.667-03:00  INFO 31176 --- [fordcare-api] [main] f.FordcareApiApplicationTests            : No active profile set, falling back to 1 default profile: "default"
2026-09-26T18:04:22.794-03:00  INFO 31176 --- [fordcare-api] [main] .s.d.r.c.RepositoryConfigurationDelegate : Bootstrapping Spring Data JPA repositories in DEFAULT mode.
2026-09-26T18:04:22.897-03:00  INFO 31176 --- [fordcare-api] [main] .s.d.r.c.RepositoryConfigurationDelegate : Finished Spring Data repository scanning in 90 ms. Found 8 JPA repository interfaces.
2026-09-26T18:04:23.533-03:00  INFO 31176 --- [fordcare-api] [main] com.zaxxer.hikari.HikariDataSource       : HikariPool-1 - Starting...
2026-09-26T18:04:23.768-03:00  INFO 31176 --- [fordcare-api] [main] com.zaxxer.hikari.pool.HikariPool        : HikariPool-1 - Added connection org.postgresql.jdbc.PgConnection@7a085d02
2026-09-26T18:04:23.771-03:00  INFO 31176 --- [fordcare-api] [main] com.zaxxer.hikari.HikariDataSource       : HikariPool-1 - Start completed.
2026-09-26T18:04:23.800-03:00  INFO 31176 --- [fordcare-api] [main] org.flywaydb.core.FlywayExecutor         : Database: jdbc:postgresql://localhost:5432/fordcare_db (PostgreSQL 18.3)
2026-09-26T18:04:23.812-03:00  WARN 31176 --- [fordcare-api] [main] o.f.c.internal.database.base.Database    : Flyway upgrade recommended: PostgreSQL 18.3 is newer than this version of Flyway and support has not been tested. The latest supported version of PostgreSQL is 17.
2026-09-26T18:04:23.869-03:00  INFO 31176 --- [fordcare-api] [main] o.f.core.internal.command.DbValidate     : Successfully validated 3 migrations (execution time 00:00.041s)
2026-09-26T18:04:23.938-03:00  INFO 31176 --- [fordcare-api] [main] o.f.core.internal.command.DbMigrate      : Current version of schema "public": 3
2026-09-26T18:04:23.942-03:00  INFO 31176 --- [fordcare-api] [main] o.f.core.internal.command.DbMigrate      : Schema "public" is up to date. No migration necessary.
2026-09-26T18:04:24.095-03:00  INFO 31176 --- [fordcare-api] [main] o.hibernate.jpa.internal.util.LogHelper  : HHH000204: Processing PersistenceUnitInfo [name: default]
2026-09-26T18:04:24.174-03:00  INFO 31176 --- [fordcare-api] [main] org.hibernate.Version                    : HHH000412: Hibernate ORM core version 6.6.49.Final
2026-09-26T18:04:24.217-03:00  INFO 31176 --- [fordcare-api] [main] o.h.c.internal.RegionFactoryInitiator    : HHH000026: Second-level cache disabled
2026-09-26T18:04:24.384-03:00  INFO 31176 --- [fordcare-api] [main] o.s.o.j.p.SpringPersistenceUnitInfo      : No LoadTimeWeaver setup: ignoring JPA class transformer
2026-09-26T18:04:24.485-03:00  INFO 31176 --- [fordcare-api] [main] org.hibernate.orm.connections.pooling    : HHH10001005: Database info:
	Database JDBC URL [Connecting through datasource 'HikariDataSource (HikariPool-1)']
	Database driver: undefined/unknown
	Database version: 18.3
	Autocommit mode: undefined/unknown
	Isolation level: undefined/unknown
	Minimum pool size: undefined/unknown
	Maximum pool size: undefined/unknown
2026-09-26T18:04:25.350-03:00  INFO 31176 --- [fordcare-api] [main] o.h.e.t.j.p.i.JtaPlatformInitiator       : HHH000489: No JTA platform available (set 'hibernate.transaction.jta.platform' to enable JTA platform integration)
2026-09-26T18:04:25.399-03:00  INFO 31176 --- [fordcare-api] [main] j.LocalContainerEntityManagerFactoryBean : Initialized JPA EntityManagerFactory for persistence unit 'default'
2026-09-26T18:04:25.948-03:00  WARN 31176 --- [fordcare-api] [main] JpaBaseConfiguration$JpaWebConfiguration : spring.jpa.open-in-view is enabled by default. Therefore, database queries may be performed during view rendering. Explicitly configure spring.jpa.open-in-view to disable this warning
2026-09-26T18:04:25.982-03:00  WARN 31176 --- [fordcare-api] [main] .s.s.UserDetailsServiceAutoConfiguration : 

Using generated security password: e4f709d0-3d44-43fe-b25f-87c7b85601ab

This generated password is for development use only. Your security configuration must be updated before running your application in production.

2026-09-26T18:04:26.445-03:00  INFO 31176 --- [fordcare-api] [main] o.s.b.a.e.web.EndpointLinksResolver      : Exposing 3 endpoints beneath base path '/actuator'
2026-09-26T18:04:26.999-03:00  INFO 31176 --- [fordcare-api] [main] f.FordcareApiApplicationTests            : Started FordcareApiApplicationTests in 5.695 seconds (process running for 8.929)
2026-09-26T18:04:27.082-03:00  WARN 31176 --- [fordcare-api] [main] o.s.core.events.SpringDocAppInitializer  : SpringDoc /v3/api-docs endpoint is enabled by default. To disable it in production, set the property 'springdoc.api-docs.enabled=false'
2026-09-26T18:04:27.082-03:00  WARN 31176 --- [fordcare-api] [main] o.s.core.events.SpringDocAppInitializer  : SpringDoc /swagger-ui.html endpoint is enabled by default. To disable it in production, set the property 'springdoc.swagger-ui.enabled=false'
2026-09-26T18:04:27.272-03:00  INFO 31176 --- [fordcare-api] [main] t.c.s.AnnotationConfigContextLoaderUtils : Could not detect default configuration classes for test class [fordcare_api.security.SecurityIntegrationTest]: SecurityIntegrationTest does not declare any static, non-private, non-final, nested classes annotated with @Configuration.
2026-09-26T18:04:27.307-03:00  INFO 31176 --- [fordcare-api] [main] .b.t.c.SpringBootTestContextBootstrapper : Found @SpringBootConfiguration fordcare_api.FordcareApiApplication for test class fordcare_api.security.SecurityIntegrationTest
2026-09-26T18:04:27.312-03:00  INFO 31176 --- [fordcare-api] [main] o.s.b.d.r.RestartApplicationListener     : Restart disabled due to context in which it is running
2026-09-26T18:04:27.335-03:00  INFO 31176 --- [fordcare-api] [main] f.security.SecurityIntegrationTest       : Starting SecurityIntegrationTest using Java 21.0.11 with PID 31176 (started by luano in C:\Users\luano\Downloads\fordcare-api)
2026-09-26T18:04:27.337-03:00  INFO 31176 --- [fordcare-api] [main] f.security.SecurityIntegrationTest       : No active profile set, falling back to 1 default profile: "default"
2026-09-26T18:04:27.718-03:00  WARN 31176 --- [fordcare-api] [main] .s.s.UserDetailsServiceAutoConfiguration : 

Using generated security password: 7ccf786e-aec0-47a6-98fe-afbb5fcb4ab6

This generated password is for development use only. Your security configuration must be updated before running your application in production.

2026-09-26T18:04:27.801-03:00  INFO 31176 --- [fordcare-api] [main] o.s.b.t.m.w.SpringBootMockServletContext : Initializing Spring TestDispatcherServlet ''
2026-09-26T18:04:27.801-03:00  INFO 31176 --- [fordcare-api] [main] o.s.t.web.servlet.TestDispatcherServlet  : Initializing Servlet ''
2026-09-26T18:04:27.801-03:00  INFO 31176 --- [fordcare-api] [main] o.s.t.web.servlet.TestDispatcherServlet  : Completed initialization in 0 ms
2026-09-26T18:04:27.810-03:00  INFO 31176 --- [fordcare-api] [main] f.security.SecurityIntegrationTest       : Started SecurityIntegrationTest in 0.498 seconds (process running for 9.74)
2026-09-26T18:04:27.842-03:00  WARN 31176 --- [fordcare-api] [main] f.security.JwtAuthenticationFilter       : Tentativa de acesso sem token. endpoint=/leads
2026-09-26T18:04:27.847-03:00  WARN 31176 --- [fordcare-api] [main] f.s.CustomAuthenticationEntryPoint       : UNAUTHORIZED_ACCESS endpoint=/leads ip=127.0.0.1
2026-09-26T18:04:27.864-03:00  WARN 31176 --- [fordcare-api] [main] f.security.CustomAccessDeniedHandler     : ACCESS_DENIED user=analyst@fordcare.com endpoint=/leads ip=127.0.0.1
2026-09-26T18:04:27.911-03:00  INFO 31176 --- [fordcare-api] [SpringApplicationShutdownHook] j.LocalContainerEntityManagerFactoryBean : Closing JPA EntityManagerFactory for persistence unit 'default'
2026-09-26T18:04:27.914-03:00  INFO 31176 --- [fordcare-api] [SpringApplicationShutdownHook] com.zaxxer.hikari.HikariDataSource       : HikariPool-1 - Shutdown initiated...
2026-09-26T18:04:27.917-03:00  INFO 31176 --- [fordcare-api] [SpringApplicationShutdownHook] com.zaxxer.hikari.HikariDataSource       : HikariPool-1 - Shutdown completed.
2026-09-26T18:17:02.051-03:00  INFO 21412 --- [fordcare-api] [main] f.FordcareApiApplicationTests            : Starting FordcareApiApplicationTests using Java 21.0.11 with PID 21412 (started by luano in C:\Users\luano\Downloads\fordcare-api)
2026-09-26T18:17:02.053-03:00  INFO 21412 --- [fordcare-api] [main] f.FordcareApiApplicationTests            : No active profile set, falling back to 1 default profile: "default"
2026-09-26T18:17:03.150-03:00  INFO 21412 --- [fordcare-api] [main] .s.d.r.c.RepositoryConfigurationDelegate : Bootstrapping Spring Data JPA repositories in DEFAULT mode.
2026-09-26T18:17:03.247-03:00  INFO 21412 --- [fordcare-api] [main] .s.d.r.c.RepositoryConfigurationDelegate : Finished Spring Data repository scanning in 82 ms. Found 8 JPA repository interfaces.
2026-09-26T18:17:03.895-03:00  INFO 21412 --- [fordcare-api] [main] com.zaxxer.hikari.HikariDataSource       : HikariPool-1 - Starting...
2026-09-26T18:17:04.129-03:00  INFO 21412 --- [fordcare-api] [main] com.zaxxer.hikari.pool.HikariPool        : HikariPool-1 - Added connection org.postgresql.jdbc.PgConnection@1a916120
2026-09-26T18:17:04.130-03:00  INFO 21412 --- [fordcare-api] [main] com.zaxxer.hikari.HikariDataSource       : HikariPool-1 - Start completed.
2026-09-26T18:17:04.160-03:00  INFO 21412 --- [fordcare-api] [main] org.flywaydb.core.FlywayExecutor         : Database: jdbc:postgresql://localhost:5432/fordcare_db (PostgreSQL 18.3)
2026-09-26T18:17:04.173-03:00  WARN 21412 --- [fordcare-api] [main] o.f.c.internal.database.base.Database    : Flyway upgrade recommended: PostgreSQL 18.3 is newer than this version of Flyway and support has not been tested. The latest supported version of PostgreSQL is 17.
2026-09-26T18:17:04.224-03:00  INFO 21412 --- [fordcare-api] [main] o.f.core.internal.command.DbValidate     : Successfully validated 3 migrations (execution time 00:00.037s)
2026-09-26T18:17:04.291-03:00  INFO 21412 --- [fordcare-api] [main] o.f.core.internal.command.DbMigrate      : Current version of schema "public": 3
2026-09-26T18:17:04.295-03:00  INFO 21412 --- [fordcare-api] [main] o.f.core.internal.command.DbMigrate      : Schema "public" is up to date. No migration necessary.
2026-09-26T18:17:04.420-03:00  INFO 21412 --- [fordcare-api] [main] o.hibernate.jpa.internal.util.LogHelper  : HHH000204: Processing PersistenceUnitInfo [name: default]
2026-09-26T18:17:04.500-03:00  INFO 21412 --- [fordcare-api] [main] org.hibernate.Version                    : HHH000412: Hibernate ORM core version 6.6.49.Final
2026-09-26T18:17:04.538-03:00  INFO 21412 --- [fordcare-api] [main] o.h.c.internal.RegionFactoryInitiator    : HHH000026: Second-level cache disabled
2026-09-26T18:17:04.724-03:00  INFO 21412 --- [fordcare-api] [main] o.s.o.j.p.SpringPersistenceUnitInfo      : No LoadTimeWeaver setup: ignoring JPA class transformer
2026-09-26T18:17:04.826-03:00  INFO 21412 --- [fordcare-api] [main] org.hibernate.orm.connections.pooling    : HHH10001005: Database info:
	Database JDBC URL [Connecting through datasource 'HikariDataSource (HikariPool-1)']
	Database driver: undefined/unknown
	Database version: 18.3
	Autocommit mode: undefined/unknown
	Isolation level: undefined/unknown
	Minimum pool size: undefined/unknown
	Maximum pool size: undefined/unknown
2026-09-26T18:17:05.677-03:00  INFO 21412 --- [fordcare-api] [main] o.h.e.t.j.p.i.JtaPlatformInitiator       : HHH000489: No JTA platform available (set 'hibernate.transaction.jta.platform' to enable JTA platform integration)
2026-09-26T18:17:05.724-03:00  INFO 21412 --- [fordcare-api] [main] j.LocalContainerEntityManagerFactoryBean : Initialized JPA EntityManagerFactory for persistence unit 'default'
2026-09-26T18:17:06.253-03:00  WARN 21412 --- [fordcare-api] [main] JpaBaseConfiguration$JpaWebConfiguration : spring.jpa.open-in-view is enabled by default. Therefore, database queries may be performed during view rendering. Explicitly configure spring.jpa.open-in-view to disable this warning
2026-09-26T18:17:06.287-03:00  WARN 21412 --- [fordcare-api] [main] .s.s.UserDetailsServiceAutoConfiguration : 

Using generated security password: 7204f064-b01e-4168-909f-68a063d0d908

This generated password is for development use only. Your security configuration must be updated before running your application in production.

2026-09-26T18:17:07.321-03:00  INFO 21412 --- [fordcare-api] [main] f.FordcareApiApplicationTests            : Started FordcareApiApplicationTests in 5.629 seconds (process running for 8.879)
2026-09-26T18:17:07.412-03:00  WARN 21412 --- [fordcare-api] [main] o.s.core.events.SpringDocAppInitializer  : SpringDoc /v3/api-docs endpoint is enabled by default. To disable it in production, set the property 'springdoc.api-docs.enabled=false'
2026-09-26T18:17:07.412-03:00  WARN 21412 --- [fordcare-api] [main] o.s.core.events.SpringDocAppInitializer  : SpringDoc /swagger-ui.html endpoint is enabled by default. To disable it in production, set the property 'springdoc.swagger-ui.enabled=false'
2026-09-26T18:17:07.614-03:00  INFO 21412 --- [fordcare-api] [main] t.c.s.AnnotationConfigContextLoaderUtils : Could not detect default configuration classes for test class [fordcare_api.security.SecurityIntegrationTest]: SecurityIntegrationTest does not declare any static, non-private, non-final, nested classes annotated with @Configuration.
2026-09-26T18:17:07.647-03:00  INFO 21412 --- [fordcare-api] [main] .b.t.c.SpringBootTestContextBootstrapper : Found @SpringBootConfiguration fordcare_api.FordcareApiApplication for test class fordcare_api.security.SecurityIntegrationTest
2026-09-26T18:17:07.652-03:00  INFO 21412 --- [fordcare-api] [main] o.s.b.d.r.RestartApplicationListener     : Restart disabled due to context in which it is running
2026-09-26T18:17:07.684-03:00  INFO 21412 --- [fordcare-api] [main] f.security.SecurityIntegrationTest       : Starting SecurityIntegrationTest using Java 21.0.11 with PID 21412 (started by luano in C:\Users\luano\Downloads\fordcare-api)
2026-09-26T18:17:07.684-03:00  INFO 21412 --- [fordcare-api] [main] f.security.SecurityIntegrationTest       : No active profile set, falling back to 1 default profile: "default"
2026-09-26T18:17:08.061-03:00  WARN 21412 --- [fordcare-api] [main] .s.s.UserDetailsServiceAutoConfiguration : 

Using generated security password: a3e79ede-fa49-43ab-b567-863197ef5d9d

This generated password is for development use only. Your security configuration must be updated before running your application in production.

2026-09-26T18:17:08.146-03:00  INFO 21412 --- [fordcare-api] [main] o.s.b.t.m.w.SpringBootMockServletContext : Initializing Spring TestDispatcherServlet ''
2026-09-26T18:17:08.146-03:00  INFO 21412 --- [fordcare-api] [main] o.s.t.web.servlet.TestDispatcherServlet  : Initializing Servlet ''
2026-09-26T18:17:08.146-03:00  INFO 21412 --- [fordcare-api] [main] o.s.t.web.servlet.TestDispatcherServlet  : Completed initialization in 0 ms
2026-09-26T18:17:08.156-03:00  INFO 21412 --- [fordcare-api] [main] f.security.SecurityIntegrationTest       : Started SecurityIntegrationTest in 0.504 seconds (process running for 9.714)
2026-09-26T18:17:08.196-03:00  WARN 21412 --- [fordcare-api] [main] f.security.JwtAuthenticationFilter       : Tentativa de acesso sem token. endpoint=/leads
2026-09-26T18:17:08.203-03:00  WARN 21412 --- [fordcare-api] [main] f.s.CustomAuthenticationEntryPoint       : UNAUTHORIZED_ACCESS endpoint=/leads ip=127.0.0.1
2026-09-26T18:17:08.222-03:00  WARN 21412 --- [fordcare-api] [main] f.security.CustomAccessDeniedHandler     : ACCESS_DENIED user=analyst@fordcare.com endpoint=/leads ip=127.0.0.1
2026-09-26T18:17:08.272-03:00  INFO 21412 --- [fordcare-api] [SpringApplicationShutdownHook] j.LocalContainerEntityManagerFactoryBean : Closing JPA EntityManagerFactory for persistence unit 'default'
2026-09-26T18:17:08.278-03:00  INFO 21412 --- [fordcare-api] [SpringApplicationShutdownHook] com.zaxxer.hikari.HikariDataSource       : HikariPool-1 - Shutdown initiated...
2026-09-26T18:17:08.282-03:00  INFO 21412 --- [fordcare-api] [SpringApplicationShutdownHook] com.zaxxer.hikari.HikariDataSource       : HikariPool-1 - Shutdown completed.
2026-09-26T18:32:42.086-03:00  INFO 5988 --- [fordcare-api] [main] f.FordcareApiApplicationTests            : Starting FordcareApiApplicationTests using Java 21.0.11 with PID 5988 (started by luano in C:\Users\luano\Downloads\fordcare-api)
2026-09-26T18:32:42.089-03:00  INFO 5988 --- [fordcare-api] [main] f.FordcareApiApplicationTests            : No active profile set, falling back to 1 default profile: "default"
2026-09-26T18:32:43.393-03:00  INFO 5988 --- [fordcare-api] [main] .s.d.r.c.RepositoryConfigurationDelegate : Bootstrapping Spring Data JPA repositories in DEFAULT mode.
2026-09-26T18:32:43.512-03:00  INFO 5988 --- [fordcare-api] [main] .s.d.r.c.RepositoryConfigurationDelegate : Finished Spring Data repository scanning in 102 ms. Found 8 JPA repository interfaces.
2026-09-26T18:32:44.246-03:00  INFO 5988 --- [fordcare-api] [main] com.zaxxer.hikari.HikariDataSource       : HikariPool-1 - Starting...
2026-09-26T18:32:44.546-03:00  INFO 5988 --- [fordcare-api] [main] com.zaxxer.hikari.pool.HikariPool        : HikariPool-1 - Added connection org.postgresql.jdbc.PgConnection@5f93ec02
2026-09-26T18:32:44.546-03:00  INFO 5988 --- [fordcare-api] [main] com.zaxxer.hikari.HikariDataSource       : HikariPool-1 - Start completed.
2026-09-26T18:32:44.588-03:00  INFO 5988 --- [fordcare-api] [main] org.flywaydb.core.FlywayExecutor         : Database: jdbc:postgresql://localhost:5432/fordcare_db (PostgreSQL 18.3)
2026-09-26T18:32:44.612-03:00  WARN 5988 --- [fordcare-api] [main] o.f.c.internal.database.base.Database    : Flyway upgrade recommended: PostgreSQL 18.3 is newer than this version of Flyway and support has not been tested. The latest supported version of PostgreSQL is 17.
2026-09-26T18:32:44.671-03:00  INFO 5988 --- [fordcare-api] [main] o.f.core.internal.command.DbValidate     : Successfully validated 3 migrations (execution time 00:00.044s)
2026-09-26T18:32:44.726-03:00  INFO 5988 --- [fordcare-api] [main] o.f.core.internal.command.DbMigrate      : Current version of schema "public": 3
2026-09-26T18:32:44.731-03:00  INFO 5988 --- [fordcare-api] [main] o.f.core.internal.command.DbMigrate      : Schema "public" is up to date. No migration necessary.
2026-09-26T18:32:44.869-03:00  INFO 5988 --- [fordcare-api] [main] o.hibernate.jpa.internal.util.LogHelper  : HHH000204: Processing PersistenceUnitInfo [name: default]
2026-09-26T18:32:44.978-03:00  INFO 5988 --- [fordcare-api] [main] org.hibernate.Version                    : HHH000412: Hibernate ORM core version 6.6.49.Final
2026-09-26T18:32:45.036-03:00  INFO 5988 --- [fordcare-api] [main] o.h.c.internal.RegionFactoryInitiator    : HHH000026: Second-level cache disabled
2026-09-26T18:32:45.241-03:00  INFO 5988 --- [fordcare-api] [main] o.s.o.j.p.SpringPersistenceUnitInfo      : No LoadTimeWeaver setup: ignoring JPA class transformer
2026-09-26T18:32:45.362-03:00  INFO 5988 --- [fordcare-api] [main] org.hibernate.orm.connections.pooling    : HHH10001005: Database info:
	Database JDBC URL [Connecting through datasource 'HikariDataSource (HikariPool-1)']
	Database driver: undefined/unknown
	Database version: 18.3
	Autocommit mode: undefined/unknown
	Isolation level: undefined/unknown
	Minimum pool size: undefined/unknown
	Maximum pool size: undefined/unknown
2026-09-26T18:32:46.346-03:00  INFO 5988 --- [fordcare-api] [main] o.h.e.t.j.p.i.JtaPlatformInitiator       : HHH000489: No JTA platform available (set 'hibernate.transaction.jta.platform' to enable JTA platform integration)
2026-09-26T18:32:46.415-03:00  INFO 5988 --- [fordcare-api] [main] j.LocalContainerEntityManagerFactoryBean : Initialized JPA EntityManagerFactory for persistence unit 'default'
2026-09-26T18:32:47.052-03:00  WARN 5988 --- [fordcare-api] [main] JpaBaseConfiguration$JpaWebConfiguration : spring.jpa.open-in-view is enabled by default. Therefore, database queries may be performed during view rendering. Explicitly configure spring.jpa.open-in-view to disable this warning
2026-09-26T18:32:47.089-03:00  WARN 5988 --- [fordcare-api] [main] .s.s.UserDetailsServiceAutoConfiguration : 

Using generated security password: 9da6f499-1f9f-480c-b46d-8f76072bc014

This generated password is for development use only. Your security configuration must be updated before running your application in production.

2026-09-26T18:32:48.088-03:00  INFO 5988 --- [fordcare-api] [main] f.FordcareApiApplicationTests            : Started FordcareApiApplicationTests in 6.379 seconds (process running for 10.05)
2026-09-26T18:32:48.192-03:00  WARN 5988 --- [fordcare-api] [main] o.s.core.events.SpringDocAppInitializer  : SpringDoc /v3/api-docs endpoint is enabled by default. To disable it in production, set the property 'springdoc.api-docs.enabled=false'
2026-09-26T18:32:48.192-03:00  WARN 5988 --- [fordcare-api] [main] o.s.core.events.SpringDocAppInitializer  : SpringDoc /swagger-ui.html endpoint is enabled by default. To disable it in production, set the property 'springdoc.swagger-ui.enabled=false'
2026-09-26T18:32:48.415-03:00  INFO 5988 --- [fordcare-api] [main] t.c.s.AnnotationConfigContextLoaderUtils : Could not detect default configuration classes for test class [fordcare_api.security.SecurityIntegrationTest]: SecurityIntegrationTest does not declare any static, non-private, non-final, nested classes annotated with @Configuration.
2026-09-26T18:32:48.448-03:00  INFO 5988 --- [fordcare-api] [main] .b.t.c.SpringBootTestContextBootstrapper : Found @SpringBootConfiguration fordcare_api.FordcareApiApplication for test class fordcare_api.security.SecurityIntegrationTest
2026-09-26T18:32:48.451-03:00  INFO 5988 --- [fordcare-api] [main] o.s.b.d.r.RestartApplicationListener     : Restart disabled due to context in which it is running
2026-09-26T18:32:48.478-03:00  INFO 5988 --- [fordcare-api] [main] f.security.SecurityIntegrationTest       : Starting SecurityIntegrationTest using Java 21.0.11 with PID 5988 (started by luano in C:\Users\luano\Downloads\fordcare-api)
2026-09-26T18:32:48.478-03:00  INFO 5988 --- [fordcare-api] [main] f.security.SecurityIntegrationTest       : No active profile set, falling back to 1 default profile: "default"
2026-09-26T18:32:48.852-03:00  WARN 5988 --- [fordcare-api] [main] .s.s.UserDetailsServiceAutoConfiguration : 

Using generated security password: 3ae809ca-12f1-4654-ba7c-cd7d8de7f18d

This generated password is for development use only. Your security configuration must be updated before running your application in production.

2026-09-26T18:32:48.936-03:00  INFO 5988 --- [fordcare-api] [main] o.s.b.t.m.w.SpringBootMockServletContext : Initializing Spring TestDispatcherServlet ''
2026-09-26T18:32:48.936-03:00  INFO 5988 --- [fordcare-api] [main] o.s.t.web.servlet.TestDispatcherServlet  : Initializing Servlet ''
2026-09-26T18:32:48.937-03:00  INFO 5988 --- [fordcare-api] [main] o.s.t.web.servlet.TestDispatcherServlet  : Completed initialization in 1 ms
2026-09-26T18:32:48.945-03:00  INFO 5988 --- [fordcare-api] [main] f.security.SecurityIntegrationTest       : Started SecurityIntegrationTest in 0.494 seconds (process running for 10.907)
2026-09-26T18:32:48.979-03:00  WARN 5988 --- [fordcare-api] [main] f.security.JwtAuthenticationFilter       : Tentativa de acesso sem token. endpoint=/leads
2026-09-26T18:32:48.984-03:00  WARN 5988 --- [fordcare-api] [main] f.s.CustomAuthenticationEntryPoint       : UNAUTHORIZED_ACCESS endpoint=/leads ip=127.0.0.1
2026-09-26T18:32:49.001-03:00  WARN 5988 --- [fordcare-api] [main] f.security.CustomAccessDeniedHandler     : ACCESS_DENIED user=analyst@fordcare.com endpoint=/leads ip=127.0.0.1
2026-09-26T18:32:49.087-03:00  INFO 5988 --- [fordcare-api] [SpringApplicationShutdownHook] j.LocalContainerEntityManagerFactoryBean : Closing JPA EntityManagerFactory for persistence unit 'default'
2026-09-26T18:32:49.091-03:00  INFO 5988 --- [fordcare-api] [SpringApplicationShutdownHook] com.zaxxer.hikari.HikariDataSource       : HikariPool-1 - Shutdown initiated...
2026-09-26T18:32:49.094-03:00  INFO 5988 --- [fordcare-api] [SpringApplicationShutdownHook] com.zaxxer.hikari.HikariDataSource       : HikariPool-1 - Shutdown completed.
2026-09-26T19:04:08.587-03:00  INFO 16552 --- [fordcare-api] [main] f.FordcareApiApplicationTests            : Starting FordcareApiApplicationTests using Java 21.0.11 with PID 16552 (started by luano in C:\Users\luano\Downloads\fordcare-api)
2026-09-26T19:04:08.590-03:00  INFO 16552 --- [fordcare-api] [main] f.FordcareApiApplicationTests            : No active profile set, falling back to 1 default profile: "default"
2026-09-26T19:04:09.872-03:00  INFO 16552 --- [fordcare-api] [main] .s.d.r.c.RepositoryConfigurationDelegate : Bootstrapping Spring Data JPA repositories in DEFAULT mode.
2026-09-26T19:04:09.987-03:00  INFO 16552 --- [fordcare-api] [main] .s.d.r.c.RepositoryConfigurationDelegate : Finished Spring Data repository scanning in 95 ms. Found 8 JPA repository interfaces.
2026-09-26T19:04:10.752-03:00  INFO 16552 --- [fordcare-api] [main] com.zaxxer.hikari.HikariDataSource       : HikariPool-1 - Starting...
2026-09-26T19:04:11.059-03:00  INFO 16552 --- [fordcare-api] [main] com.zaxxer.hikari.pool.HikariPool        : HikariPool-1 - Added connection org.postgresql.jdbc.PgConnection@761ea1f5
2026-09-26T19:04:11.062-03:00  INFO 16552 --- [fordcare-api] [main] com.zaxxer.hikari.HikariDataSource       : HikariPool-1 - Start completed.
2026-09-26T19:04:11.103-03:00  INFO 16552 --- [fordcare-api] [main] org.flywaydb.core.FlywayExecutor         : Database: jdbc:postgresql://localhost:5432/fordcare_db (PostgreSQL 18.3)
2026-09-26T19:04:11.123-03:00  WARN 16552 --- [fordcare-api] [main] o.f.c.internal.database.base.Database    : Flyway upgrade recommended: PostgreSQL 18.3 is newer than this version of Flyway and support has not been tested. The latest supported version of PostgreSQL is 17.
2026-09-26T19:04:11.197-03:00  INFO 16552 --- [fordcare-api] [main] o.f.core.internal.command.DbValidate     : Successfully validated 3 migrations (execution time 00:00.056s)
2026-09-26T19:04:11.246-03:00  INFO 16552 --- [fordcare-api] [main] o.f.core.internal.command.DbMigrate      : Current version of schema "public": 3
2026-09-26T19:04:11.250-03:00  INFO 16552 --- [fordcare-api] [main] o.f.core.internal.command.DbMigrate      : Schema "public" is up to date. No migration necessary.
2026-09-26T19:04:11.400-03:00  INFO 16552 --- [fordcare-api] [main] o.hibernate.jpa.internal.util.LogHelper  : HHH000204: Processing PersistenceUnitInfo [name: default]
2026-09-26T19:04:11.527-03:00  INFO 16552 --- [fordcare-api] [main] org.hibernate.Version                    : HHH000412: Hibernate ORM core version 6.6.49.Final
2026-09-26T19:04:11.598-03:00  INFO 16552 --- [fordcare-api] [main] o.h.c.internal.RegionFactoryInitiator    : HHH000026: Second-level cache disabled
2026-09-26T19:04:11.824-03:00  INFO 16552 --- [fordcare-api] [main] o.s.o.j.p.SpringPersistenceUnitInfo      : No LoadTimeWeaver setup: ignoring JPA class transformer
2026-09-26T19:04:11.949-03:00  INFO 16552 --- [fordcare-api] [main] org.hibernate.orm.connections.pooling    : HHH10001005: Database info:
	Database JDBC URL [Connecting through datasource 'HikariDataSource (HikariPool-1)']
	Database driver: undefined/unknown
	Database version: 18.3
	Autocommit mode: undefined/unknown
	Isolation level: undefined/unknown
	Minimum pool size: undefined/unknown
	Maximum pool size: undefined/unknown
2026-09-26T19:04:12.938-03:00  INFO 16552 --- [fordcare-api] [main] o.h.e.t.j.p.i.JtaPlatformInitiator       : HHH000489: No JTA platform available (set 'hibernate.transaction.jta.platform' to enable JTA platform integration)
2026-09-26T19:04:13.007-03:00  INFO 16552 --- [fordcare-api] [main] j.LocalContainerEntityManagerFactoryBean : Initialized JPA EntityManagerFactory for persistence unit 'default'
2026-09-26T19:04:13.614-03:00  WARN 16552 --- [fordcare-api] [main] JpaBaseConfiguration$JpaWebConfiguration : spring.jpa.open-in-view is enabled by default. Therefore, database queries may be performed during view rendering. Explicitly configure spring.jpa.open-in-view to disable this warning
2026-09-26T19:04:13.663-03:00  WARN 16552 --- [fordcare-api] [main] .s.s.UserDetailsServiceAutoConfiguration : 

Using generated security password: 9144d8a9-8001-4f0b-b741-788df958c0ff

This generated password is for development use only. Your security configuration must be updated before running your application in production.

2026-09-26T19:04:14.812-03:00  INFO 16552 --- [fordcare-api] [main] f.FordcareApiApplicationTests            : Started FordcareApiApplicationTests in 6.679 seconds (process running for 10.594)
2026-09-26T19:04:14.915-03:00  WARN 16552 --- [fordcare-api] [main] o.s.core.events.SpringDocAppInitializer  : SpringDoc /v3/api-docs endpoint is enabled by default. To disable it in production, set the property 'springdoc.api-docs.enabled=false'
2026-09-26T19:04:14.917-03:00  WARN 16552 --- [fordcare-api] [main] o.s.core.events.SpringDocAppInitializer  : SpringDoc /swagger-ui.html endpoint is enabled by default. To disable it in production, set the property 'springdoc.swagger-ui.enabled=false'
2026-09-26T19:04:15.133-03:00  INFO 16552 --- [fordcare-api] [main] t.c.s.AnnotationConfigContextLoaderUtils : Could not detect default configuration classes for test class [fordcare_api.security.SecurityIntegrationTest]: SecurityIntegrationTest does not declare any static, non-private, non-final, nested classes annotated with @Configuration.
2026-09-26T19:04:15.169-03:00  INFO 16552 --- [fordcare-api] [main] .b.t.c.SpringBootTestContextBootstrapper : Found @SpringBootConfiguration fordcare_api.FordcareApiApplication for test class fordcare_api.security.SecurityIntegrationTest
2026-09-26T19:04:15.174-03:00  INFO 16552 --- [fordcare-api] [main] o.s.b.d.r.RestartApplicationListener     : Restart disabled due to context in which it is running
2026-09-26T19:04:15.202-03:00  INFO 16552 --- [fordcare-api] [main] f.security.SecurityIntegrationTest       : Starting SecurityIntegrationTest using Java 21.0.11 with PID 16552 (started by luano in C:\Users\luano\Downloads\fordcare-api)
2026-09-26T19:04:15.203-03:00  INFO 16552 --- [fordcare-api] [main] f.security.SecurityIntegrationTest       : No active profile set, falling back to 1 default profile: "default"
2026-09-26T19:04:15.603-03:00  WARN 16552 --- [fordcare-api] [main] .s.s.UserDetailsServiceAutoConfiguration : 

Using generated security password: 6404c2d4-f5f2-4850-9ec4-c6c13b904ee7

This generated password is for development use only. Your security configuration must be updated before running your application in production.

2026-09-26T19:04:15.692-03:00  INFO 16552 --- [fordcare-api] [main] o.s.b.t.m.w.SpringBootMockServletContext : Initializing Spring TestDispatcherServlet ''
2026-09-26T19:04:15.694-03:00  INFO 16552 --- [fordcare-api] [main] o.s.t.web.servlet.TestDispatcherServlet  : Initializing Servlet ''
2026-09-26T19:04:15.694-03:00  INFO 16552 --- [fordcare-api] [main] o.s.t.web.servlet.TestDispatcherServlet  : Completed initialization in 0 ms
2026-09-26T19:04:15.705-03:00  INFO 16552 --- [fordcare-api] [main] f.security.SecurityIntegrationTest       : Started SecurityIntegrationTest in 0.533 seconds (process running for 11.487)
2026-09-26T19:04:15.747-03:00  WARN 16552 --- [fordcare-api] [main] f.security.JwtAuthenticationFilter       : Tentativa de acesso sem token. endpoint=/leads
2026-09-26T19:04:15.753-03:00  WARN 16552 --- [fordcare-api] [main] f.s.CustomAuthenticationEntryPoint       : UNAUTHORIZED_ACCESS endpoint=/leads ip=127.0.0.1
2026-09-26T19:04:15.771-03:00  WARN 16552 --- [fordcare-api] [main] f.security.CustomAccessDeniedHandler     : ACCESS_DENIED user=analyst@fordcare.com endpoint=/leads ip=127.0.0.1
2026-09-26T19:04:15.822-03:00  INFO 16552 --- [fordcare-api] [SpringApplicationShutdownHook] j.LocalContainerEntityManagerFactoryBean : Closing JPA EntityManagerFactory for persistence unit 'default'
2026-09-26T19:04:15.827-03:00  INFO 16552 --- [fordcare-api] [SpringApplicationShutdownHook] com.zaxxer.hikari.HikariDataSource       : HikariPool-1 - Shutdown initiated...
2026-09-26T19:04:15.830-03:00  INFO 16552 --- [fordcare-api] [SpringApplicationShutdownHook] com.zaxxer.hikari.HikariDataSource       : HikariPool-1 - Shutdown completed.
